// Jest Snapshot v1, https://goo.gl/fbAQLP

exports[`AsyncWebSocket .close() should throw on a consequent attempt to close the socket 1`] = `
"Detected an attempt to close an already closing or closed web socket.
Please report this issue on our GitHub tracker:
https://github.com/wix/Detox/issues"
`;

exports[`AsyncWebSocket .close() should throw on a sync socket.close() error 1`] = `
"Failed to close a connection to the Detox server.

[Error: TestError]"
`;

exports[`AsyncWebSocket .close() should throw on an emitted socket.close() error 1`] = `
"Failed to close a connection to the Detox server.

[Error: TestError]"
`;

exports[`AsyncWebSocket .open() should reject if called twice 1`] = `
"Cannot open an already opening or opened web socket.
Please report this issue on our GitHub tracker:
https://github.com/wix/Detox/issues"
`;

exports[`AsyncWebSocket .open() should reject on a constructor error 1`] = `
"Unexpected error occured when opening a web socket connection.
See the error details below.

HINT: Please report this issue on our GitHub tracker:
https://github.com/wix/Detox/issues

[Error: TestError]"
`;

exports[`AsyncWebSocket .open() should reject on an error event 1`] = `
"Failed to open a connection to the Detox server.

[Error: TestError]"
`;

exports[`AsyncWebSocket .send() should throw for a closed connection 1`] = `
"Cannot send a message over the closed web socket. See the payload below:

HINT: Please report this issue on our GitHub tracker:
https://github.com/wix/Detox/issues

{
  message: 'a message',
  messageId: undefined
}"
`;

exports[`AsyncWebSocket .send() when opened should reject all messages in the flight if there's an error 1`] = `
"Failed to deliver the message to the Detox server:

[Error: TestError]"
`;

exports[`AsyncWebSocket .send() when opened should reject all messages in the flight if there's an error 2`] = `
"Failed to deliver the message to the Detox server:

[Error: TestError]"
`;

exports[`AsyncWebSocket edge cases should react gracefully to null-like messages 1`] = `
"Unexpected error on an attempt to handle a message over the web socket.

HINT: Examine the inner error:
SyntaxError: Unexpected token u in JSON at position 0
The payload was:"
`;
